// Jest Snapshot v1, https://goo.gl/fbAQLP

exports[`Renders correctly 1`] = `
<View
  style={
    Object {
      "alignItems": "center",
      "backgroundColor": "#89CFF0",
      "flex": 1,
      "justifyContent": "center",
    }
  }
>
  <Text
    style={
      Object {
        "fontSize": 20,
        "margin": 10,
        "textAlign": "left",
      }
    }
  >
    1. Pick a duration
  </Text>
  <View
    style={
      Object {
        "backgroundColor": "#FFFFFF",
        "borderRadius": 20,
      }
    }
  >
    <TextInput
      allowFontScaling={true}
      keyboardType="numeric"
      maxLength={8}
      onChangeText={[Function]}
      onSubmitEditing={[Function]}
      placeholder="00:00:00"
      style={
        Object {
          "color": "#1E90FF",
          "fontSize": 60,
          "height": 80,
          "marginLeft": 10,
          "marginVertical": 5,
          "paddingHorizontal": 15,
          "paddingVertical": 2,
          "textAlign": "right",
          "width": 300,
        }
      }
      underlineColorAndroid="transparent"
      value=""
    />
  </View>
  <Text
    style={
      Object {
        "fontSize": 20,
        "margin": 10,
        "textAlign": "left",
      }
    }
  >
    2. Start the timer!
  </Text>
  <View
    accessible={true}
    isTVSelectable={true}
    onResponderGrant={[Function]}
    onResponderMove={[Function]}
    onResponderRelease={[Function]}
    onResponderTerminate={[Function]}
    onResponderTerminationRequest={[Function]}
    onStartShouldSetResponder={[Function]}
    style={
      Object {
        "backgroundColor": "#4682B4",
        "margin": 5,
        "opacity": 1,
        "paddingHorizontal": 20,
        "paddingVertical": 10,
      }
    }
  >
    <Text
      style={
        Object {
          "color": "#FFFFFF",
          "fontSize": 32,
          "fontWeight": "500",
        }
      }
    >
      Start timer
    </Text>
  </View>
</View>
`;
